// Jest Snapshot v1, https://goo.gl/fbAQLP

exports[`UserCard Component Tests it should match snaphot 1`] = `
Object {
  "asFragment": [Function],
  "baseElement": <body>
    <div>
      <div
        class="MuiBox-root css-16f3ot7"
      >
        <div
          class="MuiPaper-root MuiPaper-outlined MuiPaper-rounded MuiCard-root css-1v5z4dq-MuiPaper-root-MuiCard-root"
        >
          <div
            class="MuiCardContent-root css-46bh2p-MuiCardContent-root"
          >
            <h6
              class="MuiTypography-root MuiTypography-h6 MuiTypography-gutterBottom css-18k87ye-MuiTypography-root"
            >
              Michael Jordan
            </h6>
            <p
              class="MuiTypography-root MuiTypography-body1 css-ahj2mt-MuiTypography-root"
            >
              Email: 
              mjordan@kyrrus.com
            </p>
          </div>
          <div
            class="MuiCardActions-root MuiCardActions-spacing css-1t6e9jv-MuiCardActions-root"
          >
            <a
              aria-label="edit-details"
              class="MuiButtonBase-root MuiIconButton-root MuiIconButton-sizeMedium css-78trlr-MuiButtonBase-root-MuiIconButton-root"
              data-mui-internal-clone-element="true"
              href="/users/125"
              tabindex="0"
            >
              <svg
                aria-hidden="true"
                class="MuiSvgIcon-root MuiSvgIcon-fontSizeMedium css-i4bv87-MuiSvgIcon-root"
                data-testid="EditIcon"
                focusable="false"
                viewBox="0 0 24 24"
              >
                <path
                  d="M3 17.25V21h3.75L17.81 9.94l-3.75-3.75L3 17.25zM20.71 7.04c.39-.39.39-1.02 0-1.41l-2.34-2.34a.9959.9959 0 0 0-1.41 0l-1.83 1.83 3.75 3.75 1.83-1.83z"
                />
              </svg>
              <span
                class="MuiTouchRipple-root css-8je8zh-MuiTouchRipple-root"
              />
            </a>
            <button
              aria-label="delete-user"
              class="MuiButtonBase-root MuiIconButton-root MuiIconButton-sizeMedium css-78trlr-MuiButtonBase-root-MuiIconButton-root"
              data-mui-internal-clone-element="true"
              tabindex="0"
              type="button"
            >
              <svg
                aria-hidden="true"
                class="MuiSvgIcon-root MuiSvgIcon-fontSizeMedium css-i4bv87-MuiSvgIcon-root"
                data-testid="DeleteIcon"
                focusable="false"
                viewBox="0 0 24 24"
              >
                <path
                  d="M6 19c0 1.1.9 2 2 2h8c1.1 0 2-.9 2-2V7H6v12zM19 4h-3.5l-1-1h-5l-1 1H5v2h14V4z"
                />
              </svg>
              <span
                class="MuiTouchRipple-root css-8je8zh-MuiTouchRipple-root"
              />
            </button>
          </div>
        </div>
      </div>
    </div>
  </body>,
  "container": <div>
    <div
      class="MuiBox-root css-16f3ot7"
    >
      <div
        class="MuiPaper-root MuiPaper-outlined MuiPaper-rounded MuiCard-root css-1v5z4dq-MuiPaper-root-MuiCard-root"
      >
        <div
          class="MuiCardContent-root css-46bh2p-MuiCardContent-root"
        >
          <h6
            class="MuiTypography-root MuiTypography-h6 MuiTypography-gutterBottom css-18k87ye-MuiTypography-root"
          >
            Michael Jordan
          </h6>
          <p
            class="MuiTypography-root MuiTypography-body1 css-ahj2mt-MuiTypography-root"
          >
            Email: 
            mjordan@kyrrus.com
          </p>
        </div>
        <div
          class="MuiCardActions-root MuiCardActions-spacing css-1t6e9jv-MuiCardActions-root"
        >
          <a
            aria-label="edit-details"
            class="MuiButtonBase-root MuiIconButton-root MuiIconButton-sizeMedium css-78trlr-MuiButtonBase-root-MuiIconButton-root"
            data-mui-internal-clone-element="true"
            href="/users/125"
            tabindex="0"
          >
            <svg
              aria-hidden="true"
              class="MuiSvgIcon-root MuiSvgIcon-fontSizeMedium css-i4bv87-MuiSvgIcon-root"
              data-testid="EditIcon"
              focusable="false"
              viewBox="0 0 24 24"
            >
              <path
                d="M3 17.25V21h3.75L17.81 9.94l-3.75-3.75L3 17.25zM20.71 7.04c.39-.39.39-1.02 0-1.41l-2.34-2.34a.9959.9959 0 0 0-1.41 0l-1.83 1.83 3.75 3.75 1.83-1.83z"
              />
            </svg>
            <span
              class="MuiTouchRipple-root css-8je8zh-MuiTouchRipple-root"
            />
          </a>
          <button
            aria-label="delete-user"
            class="MuiButtonBase-root MuiIconButton-root MuiIconButton-sizeMedium css-78trlr-MuiButtonBase-root-MuiIconButton-root"
            data-mui-internal-clone-element="true"
            tabindex="0"
            type="button"
          >
            <svg
              aria-hidden="true"
              class="MuiSvgIcon-root MuiSvgIcon-fontSizeMedium css-i4bv87-MuiSvgIcon-root"
              data-testid="DeleteIcon"
              focusable="false"
              viewBox="0 0 24 24"
            >
              <path
                d="M6 19c0 1.1.9 2 2 2h8c1.1 0 2-.9 2-2V7H6v12zM19 4h-3.5l-1-1h-5l-1 1H5v2h14V4z"
              />
            </svg>
            <span
              class="MuiTouchRipple-root css-8je8zh-MuiTouchRipple-root"
            />
          </button>
        </div>
      </div>
    </div>
  </div>,
  "debug": [Function],
  "findAllByAltText": [Function],
  "findAllByDisplayValue": [Function],
  "findAllByLabelText": [Function],
  "findAllByPlaceholderText": [Function],
  "findAllByRole": [Function],
  "findAllByTestId": [Function],
  "findAllByText": [Function],
  "findAllByTitle": [Function],
  "findByAltText": [Function],
  "findByDisplayValue": [Function],
  "findByLabelText": [Function],
  "findByPlaceholderText": [Function],
  "findByRole": [Function],
  "findByTestId": [Function],
  "findByText": [Function],
  "findByTitle": [Function],
  "getAllByAltText": [Function],
  "getAllByDisplayValue": [Function],
  "getAllByLabelText": [Function],
  "getAllByPlaceholderText": [Function],
  "getAllByRole": [Function],
  "getAllByTestId": [Function],
  "getAllByText": [Function],
  "getAllByTitle": [Function],
  "getByAltText": [Function],
  "getByDisplayValue": [Function],
  "getByLabelText": [Function],
  "getByPlaceholderText": [Function],
  "getByRole": [Function],
  "getByTestId": [Function],
  "getByText": [Function],
  "getByTitle": [Function],
  "queryAllByAltText": [Function],
  "queryAllByDisplayValue": [Function],
  "queryAllByLabelText": [Function],
  "queryAllByPlaceholderText": [Function],
  "queryAllByRole": [Function],
  "queryAllByTestId": [Function],
  "queryAllByText": [Function],
  "queryAllByTitle": [Function],
  "queryByAltText": [Function],
  "queryByDisplayValue": [Function],
  "queryByLabelText": [Function],
  "queryByPlaceholderText": [Function],
  "queryByRole": [Function],
  "queryByTestId": [Function],
  "queryByText": [Function],
  "queryByTitle": [Function],
  "rerender": [Function],
  "unmount": [Function],
}
`;
